Checking whether the ASM compiler is GNU using "--version" did not match "(GNU assembler)|(GCC)|(Free Software Foundation)":
Android (12027248, +pgo, +bolt, +lto, +mlgo, based on r522817) clang version 18.0.1 (https://android.googlesource.com/toolchain/llvm-project d8003a456d14a3deb8054cdaa529ffbf02d9b262)
Target: x86_64-unknown-linux-gnu
Thread model: posix
InstalledDir: /opt/android/sdk/ndk/27.0.12077973/toolchains/llvm/prebuilt/linux-x86_64/bin
Performing C SOURCE FILE Test CMAKE_HAVE_LIBC_PTHREAD failed with the following output:
Change Dir: /app/applet/app/.cxx/Debug/11g6k2te/arm64-v8a/CMakeFiles/CMakeTmp

Run Build Command(s):/opt/android/sdk/cmake/3.22.1/bin/ninja cmTC_6b1f9 && [1/2] Building C object CMakeFiles/cmTC_6b1f9.dir/src.c.o
FAILED: CMakeFiles/cmTC_6b1f9.dir/src.c.o 
/opt/android/sdk/ndk/27.0.12077973/toolchains/llvm/prebuilt/linux-x86_64/bin/clang --target=aarch64-none-linux-android28 --sysroot=/opt/android/sdk/ndk/27.0.12077973/toolchains/llvm/prebuilt/linux-x86_64/sysroot -DCMAKE_HAVE_LIBC_PTHREAD  -g -DANDROID -fdata-sections -ffunction-sections -funwind-tables -fstack-protector-strong -no-canonical-prefixes -D_FORTIFY_SOURCE=2 -Wformat -Werror=format-security   -fPIE -std=gnu11 -MD -MT CMakeFiles/cmTC_6b1f9.dir/src.c.o -MF CMakeFiles/cmTC_6b1f9.dir/src.c.o.d -o CMakeFiles/cmTC_6b1f9.dir/src.c.o -c /app/applet/app/.cxx/Debug/11g6k2te/arm64-v8a/CMakeFiles/CMakeTmp/src.c
/app/applet/app/.cxx/Debug/11g6k2te/arm64-v8a/CMakeFiles/CMakeTmp/src.c:13:3: error: call to undeclared function 'pthread_cancel'; ISO C99 and later do not support implicit function declarations [-Wimplicit-function-declaration]
   13 |   pthread_cancel(thread);
      |   ^
/app/applet/app/.cxx/Debug/11g6k2te/arm64-v8a/CMakeFiles/CMakeTmp/src.c:13:3: note: did you mean 'pthread_once'?
/opt/android/sdk/ndk/27.0.12077973/toolchains/llvm/prebuilt/linux-x86_64/sysroot/usr/include/pthread.h:264:5: note: 'pthread_once' declared here
  264 | int pthread_once(pthread_once_t* _Nonnull __once, void (* _Nonnull __init_routine)(void));
      |     ^
1 error generated.
ninja: build stopped: subcommand failed.


Source file was:
#include <pthread.h>

static void* test_func(void* data)
{
  return data;
}

int main(void)
{
  pthread_t thread;
  pthread_create(&thread, NULL, test_func, NULL);
  pthread_detach(thread);
  pthread_cancel(thread);
  pthread_join(thread, NULL);
  pthread_atfork(NULL, NULL, NULL);
  pthread_exit(NULL);

  return 0;
}

Performing C++ SOURCE FILE Test GGML_COMPILER_SUPPORTS_FP16_FORMAT_I3E failed with the following output:
Change Dir: /app/applet/app/.cxx/Debug/11g6k2te/arm64-v8a/CMakeFiles/CMakeTmp

Run Build Command(s):/opt/android/sdk/cmake/3.22.1/bin/ninja cmTC_08d40 && [1/2] Building CXX object CMakeFiles/cmTC_08d40.dir/src.cxx.o
FAILED: CMakeFiles/cmTC_08d40.dir/src.cxx.o 
/opt/android/sdk/ndk/27.0.12077973/toolchains/llvm/prebuilt/linux-x86_64/bin/clang++ --target=aarch64-none-linux-android28 --sysroot=/opt/android/sdk/ndk/27.0.12077973/toolchains/llvm/prebuilt/linux-x86_64/sysroot -DGGML_COMPILER_SUPPORTS_FP16_FORMAT_I3E  -g -DANDROID -fdata-sections -ffunction-sections -funwind-tables -fstack-protector-strong -no-canonical-prefixes -D_FORTIFY_SOURCE=2 -Wformat -Werror=format-security  -std=c++17  -fPIE   -mfp16-format=ieee -std=c++17 -MD -MT CMakeFiles/cmTC_08d40.dir/src.cxx.o -MF CMakeFiles/cmTC_08d40.dir/src.cxx.o.d -o CMakeFiles/cmTC_08d40.dir/src.cxx.o -c /app/applet/app/.cxx/Debug/11g6k2te/arm64-v8a/CMakeFiles/CMakeTmp/src.cxx
clang++: error: unknown argument: '-mfp16-format=ieee'
ninja: build stopped: subcommand failed.


Source file was:
int main() { return 0; }
Performing C++ SOURCE FILE Test HAVE_DOTPROD failed with the following output:
Change Dir: /app/applet/app/.cxx/Debug/11g6k2te/arm64-v8a/CMakeFiles/CMakeTmp

Run Build Command(s):/opt/android/sdk/cmake/3.22.1/bin/ninja cmTC_c4e05 && [1/2] Building CXX object CMakeFiles/cmTC_c4e05.dir/src.cxx.o
FAILED: CMakeFiles/cmTC_c4e05.dir/src.cxx.o 
/opt/android/sdk/ndk/27.0.12077973/toolchains/llvm/prebuilt/linux-x86_64/bin/clang++ --target=aarch64-none-linux-android28 --sysroot=/opt/android/sdk/ndk/27.0.12077973/toolchains/llvm/prebuilt/linux-x86_64/sysroot -DHAVE_DOTPROD  -g -DANDROID -fdata-sections -ffunction-sections -funwind-tables -fstack-protector-strong -no-canonical-prefixes -D_FORTIFY_SOURCE=2 -Wformat -Werror=format-security  -std=c++17  -fPIE -std=c++17 -MD -MT CMakeFiles/cmTC_c4e05.dir/src.cxx.o -MF CMakeFiles/cmTC_c4e05.dir/src.cxx.o.d -o CMakeFiles/cmTC_c4e05.dir/src.cxx.o -c /app/applet/app/.cxx/Debug/11g6k2te/arm64-v8a/CMakeFiles/CMakeTmp/src.cxx
/app/applet/app/.cxx/Debug/11g6k2te/arm64-v8a/CMakeFiles/CMakeTmp/src.cxx:3:24: error: "Feature DOTPROD is not defined"
    3 |                     #  error "Feature DOTPROD is not defined"
      |                        ^
1 error generated.
ninja: build stopped: subcommand failed.


Source file was:

                    #if !defined(__ARM_FEATURE_DOTPROD)
                    #  error "Feature DOTPROD is not defined"
                    #endif
                    int main() { return 0; }
                    
Performing C++ SOURCE FILE Test HAVE_SVE failed with the following output:
Change Dir: /app/applet/app/.cxx/Debug/11g6k2te/arm64-v8a/CMakeFiles/CMakeTmp

Run Build Command(s):/opt/android/sdk/cmake/3.22.1/bin/ninja cmTC_75a86 && [1/2] Building CXX object CMakeFiles/cmTC_75a86.dir/src.cxx.o
FAILED: CMakeFiles/cmTC_75a86.dir/src.cxx.o 
/opt/android/sdk/ndk/27.0.12077973/toolchains/llvm/prebuilt/linux-x86_64/bin/clang++ --target=aarch64-none-linux-android28 --sysroot=/opt/android/sdk/ndk/27.0.12077973/toolchains/llvm/prebuilt/linux-x86_64/sysroot -DHAVE_SVE  -g -DANDROID -fdata-sections -ffunction-sections -funwind-tables -fstack-protector-strong -no-canonical-prefixes -D_FORTIFY_SOURCE=2 -Wformat -Werror=format-security  -std=c++17  -fPIE -std=c++17 -MD -MT CMakeFiles/cmTC_75a86.dir/src.cxx.o -MF CMakeFiles/cmTC_75a86.dir/src.cxx.o.d -o CMakeFiles/cmTC_75a86.dir/src.cxx.o -c /app/applet/app/.cxx/Debug/11g6k2te/arm64-v8a/CMakeFiles/CMakeTmp/src.cxx
/app/applet/app/.cxx/Debug/11g6k2te/arm64-v8a/CMakeFiles/CMakeTmp/src.cxx:3:24: error: "Feature SVE is not defined"
    3 |                     #  error "Feature SVE is not defined"
      |                        ^
1 error generated.
ninja: build stopped: subcommand failed.


Source file was:

                    #if !defined(__ARM_FEATURE_SVE)
                    #  error "Feature SVE is not defined"
                    #endif
                    int main() { return 0; }
                    
Performing C++ SOURCE FILE Test HAVE_MATMUL_INT8 failed with the following output:
Change Dir: /app/applet/app/.cxx/Debug/11g6k2te/arm64-v8a/CMakeFiles/CMakeTmp

Run Build Command(s):/opt/android/sdk/cmake/3.22.1/bin/ninja cmTC_b1862 && [1/2] Building CXX object CMakeFiles/cmTC_b1862.dir/src.cxx.o
FAILED: CMakeFiles/cmTC_b1862.dir/src.cxx.o 
/opt/android/sdk/ndk/27.0.12077973/toolchains/llvm/prebuilt/linux-x86_64/bin/clang++ --target=aarch64-none-linux-android28 --sysroot=/opt/android/sdk/ndk/27.0.12077973/toolchains/llvm/prebuilt/linux-x86_64/sysroot -DHAVE_MATMUL_INT8  -g -DANDROID -fdata-sections -ffunction-sections -funwind-tables -fstack-protector-strong -no-canonical-prefixes -D_FORTIFY_SOURCE=2 -Wformat -Werror=format-security  -std=c++17  -fPIE -std=c++17 -MD -MT CMakeFiles/cmTC_b1862.dir/src.cxx.o -MF CMakeFiles/cmTC_b1862.dir/src.cxx.o.d -o CMakeFiles/cmTC_b1862.dir/src.cxx.o -c /app/applet/app/.cxx/Debug/11g6k2te/arm64-v8a/CMakeFiles/CMakeTmp/src.cxx
/app/applet/app/.cxx/Debug/11g6k2te/arm64-v8a/CMakeFiles/CMakeTmp/src.cxx:3:24: error: "Feature MATMUL_INT8 is not defined"
    3 |                     #  error "Feature MATMUL_INT8 is not defined"
      |                        ^
1 error generated.
ninja: build stopped: subcommand failed.


Source file was:

                    #if !defined(__ARM_FEATURE_MATMUL_INT8)
                    #  error "Feature MATMUL_INT8 is not defined"
                    #endif
                    int main() { return 0; }
                    
Performing C++ SOURCE FILE Test HAVE_FP16_VECTOR_ARITHMETIC failed with the following output:
Change Dir: /app/applet/app/.cxx/Debug/11g6k2te/arm64-v8a/CMakeFiles/CMakeTmp

Run Build Command(s):/opt/android/sdk/cmake/3.22.1/bin/ninja cmTC_dc94d && [1/2] Building CXX object CMakeFiles/cmTC_dc94d.dir/src.cxx.o
FAILED: CMakeFiles/cmTC_dc94d.dir/src.cxx.o 
/opt/android/sdk/ndk/27.0.12077973/toolchains/llvm/prebuilt/linux-x86_64/bin/clang++ --target=aarch64-none-linux-android28 --sysroot=/opt/android/sdk/ndk/27.0.12077973/toolchains/llvm/prebuilt/linux-x86_64/sysroot -DHAVE_FP16_VECTOR_ARITHMETIC  -g -DANDROID -fdata-sections -ffunction-sections -funwind-tables -fstack-protector-strong -no-canonical-prefixes -D_FORTIFY_SOURCE=2 -Wformat -Werror=format-security  -std=c++17  -fPIE -std=c++17 -MD -MT CMakeFiles/cmTC_dc94d.dir/src.cxx.o -MF CMakeFiles/cmTC_dc94d.dir/src.cxx.o.d -o CMakeFiles/cmTC_dc94d.dir/src.cxx.o -c /app/applet/app/.cxx/Debug/11g6k2te/arm64-v8a/CMakeFiles/CMakeTmp/src.cxx
/app/applet/app/.cxx/Debug/11g6k2te/arm64-v8a/CMakeFiles/CMakeTmp/src.cxx:3:24: error: "Feature FP16_VECTOR_ARITHMETIC is not defined"
    3 |                     #  error "Feature FP16_VECTOR_ARITHMETIC is not defined"
      |                        ^
1 error generated.
ninja: build stopped: subcommand failed.


Source file was:

                    #if !defined(__ARM_FEATURE_FP16_VECTOR_ARITHMETIC)
                    #  error "Feature FP16_VECTOR_ARITHMETIC is not defined"
                    #endif
                    int main() { return 0; }
                    
Performing C++ SOURCE FILE Test HAVE_SME failed with the following output:
Change Dir: /app/applet/app/.cxx/Debug/11g6k2te/arm64-v8a/CMakeFiles/CMakeTmp

Run Build Command(s):/opt/android/sdk/cmake/3.22.1/bin/ninja cmTC_b3ba4 && [1/2] Building CXX object CMakeFiles/cmTC_b3ba4.dir/src.cxx.o
FAILED: CMakeFiles/cmTC_b3ba4.dir/src.cxx.o 
/opt/android/sdk/ndk/27.0.12077973/toolchains/llvm/prebuilt/linux-x86_64/bin/clang++ --target=aarch64-none-linux-android28 --sysroot=/opt/android/sdk/ndk/27.0.12077973/toolchains/llvm/prebuilt/linux-x86_64/sysroot -DHAVE_SME  -g -DANDROID -fdata-sections -ffunction-sections -funwind-tables -fstack-protector-strong -no-canonical-prefixes -D_FORTIFY_SOURCE=2 -Wformat -Werror=format-security  -std=c++17  -fPIE -std=c++17 -MD -MT CMakeFiles/cmTC_b3ba4.dir/src.cxx.o -MF CMakeFiles/cmTC_b3ba4.dir/src.cxx.o.d -o CMakeFiles/cmTC_b3ba4.dir/src.cxx.o -c /app/applet/app/.cxx/Debug/11g6k2te/arm64-v8a/CMakeFiles/CMakeTmp/src.cxx
/app/applet/app/.cxx/Debug/11g6k2te/arm64-v8a/CMakeFiles/CMakeTmp/src.cxx:3:24: error: "Feature SME is not defined"
    3 |                     #  error "Feature SME is not defined"
      |                        ^
1 error generated.
ninja: build stopped: subcommand failed.


Source file was:

                    #if !defined(__ARM_FEATURE_SME)
                    #  error "Feature SME is not defined"
                    #endif
                    int main() { return 0; }
                    
